// Jest Snapshot v1, https://goo.gl/fbAQLP

exports[`CompanyProfile renders "avgSalaries" correctly 1`] = `
<body>
  <div>
    <avgsalaries />
  </div>
</body>
`;
