// Jest Snapshot v1, https://goo.gl/fbAQLP

exports[`SideNav renders correctly 1`] = `
<body>
  <div>
    <div
      class="sc-ifAKCX cbUTYD"
    >
      <div
        class="sc-bxivhb bnRIYD"
      >
        <div
          class="ant-spin ant-spin-spinning"
        >
          <span
            class="ant-spin-dot ant-spin-dot-spin"
          >
            <i
              class="ant-spin-dot-item"
            />
            <i
              class="ant-spin-dot-item"
            />
            <i
              class="ant-spin-dot-item"
            />
            <i
              class="ant-spin-dot-item"
            />
          </span>
        </div>
      </div>
    </div>
  </div>
</body>
`;
